0000a1ee t .divsi3_skip_div0_test
0000a1e8 T __aeabi_idiv
0000a498 W __aeabi_idiv0
0000a47c T __aeabi_idivmod
0000a498 W __aeabi_ldiv0
00012920 B __bss_end__
00012914 B __bss_start
00012914 B __bss_start__
00012900 D __data_start
0000a1e8 T __divsi3
000087dc t __do_global_dtors_aux
000127a0 t __do_global_dtors_aux_fini_array_entry
00012904 D __dso_handle
00012920 B __end__
0001279c t __frame_dummy_init_array_entry
0000a798 r __FRAME_END__
         w __gmon_start__
000127a0 t __init_array_end
0001279c t __init_array_start
000127a4 d __JCR_END__
000127a4 d __JCR_LIST__
0000a4e4 T __libc_csu_fini
0000a4a4 T __libc_csu_init
         U __libc_start_main@@GLIBC_2.4
00012914 D __TMC_END__
00012920 B _bss_end__
000127a8 d _DYNAMIC
00012914 D _edata
00012920 B _end
0000a4e8 T _fini
00012898 d _GLOBAL_OFFSET_TABLE_
0000860c T _init
0000a4f0 R _IO_stdin_used
         w _ITM_deregisterTMCloneTable
         w _ITM_registerTMCloneTable
         w _Jv_RegisterClasses
00008738 T _start
         U abort@@GLIBC_2.4
         U atoi@@GLIBC_2.4
00008768 t call_weak_fn
0000a020 T clear_irq
         U clock@@GLIBC_2.4
         U close@@GLIBC_2.4
0001291c b completed.8884
00009bb8 T construct_extended_mm_to_mm_descriptor
00009c20 T construct_extended_mm_to_mm_descriptor_64
00009af0 T construct_extended_mm_to_st_descriptor
00009b54 T construct_extended_mm_to_st_descriptor_64
00009a28 T construct_extended_st_to_mm_descriptor
00009a8c T construct_extended_st_to_mm_descriptor_64
000099f0 T construct_standard_mm_to_mm_descriptor
000099b8 T construct_standard_mm_to_st_descriptor
00009980 T construct_standard_st_to_mm_descriptor
00012900 W data_start
0000878c t deregister_tm_clones
0000a170 T disable_global_interrupt_mask
0000a120 T disable_stop_on_early_termination
0000a0d0 T disable_stop_on_error
0000a148 T enable_global_interrupt_mask
0000a0f8 T enable_stop_on_early_termination
0000a0a8 T enable_stop_on_error
         U exit@@GLIBC_2.4
         U fclose@@GLIBC_2.4
         U fopen@@GLIBC_2.4
000087f4 t frame_dummy
         U fread@@GLIBC_2.4
         U fseek@@GLIBC_2.4
         U ftell@@GLIBC_2.4
         U fwrite@@GLIBC_2.4
00012908 D g_preparser_strings
00008818 T main
         U mmap@@GLIBC_2.4
         U munmap@@GLIBC_2.4
         U open@@GLIBC_2.4
         U perror@@GLIBC_2.4
         U printf@@GLIBC_2.4
         U puts@@GLIBC_2.4
         U raise@@GLIBC_2.4
00009e90 T read_busy
00009de0 T read_csr_control
00009dfc T read_csr_read_descriptor_buffer_fill_level
00009e54 T read_csr_read_sequence_number
00009e38 T read_csr_response_buffer_fill_level
00009dc8 T read_csr_status
00009e18 T read_csr_write_descriptor_buffer_fill_level
00009e70 T read_csr_write_sequence_number
00009eb8 T read_descriptor_buffer_empty
00009ee0 T read_descriptor_buffer_full
00009ff8 T read_irq
00009d74 T read_mm_response
00009f80 T read_resetting
00009f08 T read_response_buffer_empty
00009f30 T read_response_buffer_full
00009f58 T read_stopped
00009fd0 T read_stopped_on_early_termination
00009fa8 T read_stopped_on_error
000087b0 t register_tm_clones
0000a08c T reset_dispatcher
00000000 a shift
         U sprintf@@GLIBC_2.4
0000a1c0 T start_descriptors
0000a064 T start_dispatcher
00012918 B stderr@@GLIBC_2.4
0000a198 T stop_descriptors
0000a03c T stop_dispatcher
         U usleep@@GLIBC_2.4
00009cdc T write_extended_descriptor
00009c88 T write_standard_descriptor
