0000a36e t .divsi3_skip_div0_test
0000a368 T __aeabi_idiv
0000a618 W __aeabi_idiv0
0000a5fc T __aeabi_idivmod
0000a618 W __aeabi_ldiv0
00012ab8 B __bss_end__
00012ab0 B __bss_start
00012ab0 B __bss_start__
00012a9c D __data_start
0000a368 T __divsi3
000087dc t __do_global_dtors_aux
0001293c t __do_global_dtors_aux_fini_array_entry
00012aa0 D __dso_handle
00012ab8 B __end__
00012938 t __frame_dummy_init_array_entry
0000a934 r __FRAME_END__
         w __gmon_start__
0001293c t __init_array_end
00012938 t __init_array_start
00012940 d __JCR_END__
00012940 d __JCR_LIST__
0000a664 T __libc_csu_fini
0000a624 T __libc_csu_init
         U __libc_start_main@@GLIBC_2.4
00012ab0 D __TMC_END__
00012ab8 B _bss_end__
00012944 d _DYNAMIC
00012ab0 D _edata
00012ab8 B _end
0000a668 T _fini
00012a34 d _GLOBAL_OFFSET_TABLE_
0000860c T _init
0000a670 R _IO_stdin_used
         w _ITM_deregisterTMCloneTable
         w _ITM_registerTMCloneTable
         w _Jv_RegisterClasses
00008738 T _start
         U abort@@GLIBC_2.4
         U atoi@@GLIBC_2.4
00008768 t call_weak_fn
0000a1a0 T clear_irq
         U clock@@GLIBC_2.4
         U close@@GLIBC_2.4
00012ab4 b completed.8884
00009d38 T construct_extended_mm_to_mm_descriptor
00009da0 T construct_extended_mm_to_mm_descriptor_64
00009c70 T construct_extended_mm_to_st_descriptor
00009cd4 T construct_extended_mm_to_st_descriptor_64
00009ba8 T construct_extended_st_to_mm_descriptor
00009c0c T construct_extended_st_to_mm_descriptor_64
00009b70 T construct_standard_mm_to_mm_descriptor
00009b38 T construct_standard_mm_to_st_descriptor
00009b00 T construct_standard_st_to_mm_descriptor
00012a9c W data_start
0000878c t deregister_tm_clones
0000a2f0 T disable_global_interrupt_mask
0000a2a0 T disable_stop_on_early_termination
0000a250 T disable_stop_on_error
0000a2c8 T enable_global_interrupt_mask
0000a278 T enable_stop_on_early_termination
0000a228 T enable_stop_on_error
         U exit@@GLIBC_2.4
         U fclose@@GLIBC_2.4
         U fopen@@GLIBC_2.4
000087f4 t frame_dummy
         U fread@@GLIBC_2.4
         U fseek@@GLIBC_2.4
         U ftell@@GLIBC_2.4
         U fwrite@@GLIBC_2.4
00012aa4 D g_preparser_strings
00008818 T main
         U mmap@@GLIBC_2.4
         U munmap@@GLIBC_2.4
         U open@@GLIBC_2.4
         U perror@@GLIBC_2.4
         U printf@@GLIBC_2.4
         U puts@@GLIBC_2.4
         U raise@@GLIBC_2.4
0000a010 T read_busy
00009f60 T read_csr_control
00009f7c T read_csr_read_descriptor_buffer_fill_level
00009fd4 T read_csr_read_sequence_number
00009fb8 T read_csr_response_buffer_fill_level
00009f48 T read_csr_status
00009f98 T read_csr_write_descriptor_buffer_fill_level
00009ff0 T read_csr_write_sequence_number
0000a038 T read_descriptor_buffer_empty
0000a060 T read_descriptor_buffer_full
0000a178 T read_irq
00009ef4 T read_mm_response
0000a100 T read_resetting
0000a088 T read_response_buffer_empty
0000a0b0 T read_response_buffer_full
0000a0d8 T read_stopped
0000a150 T read_stopped_on_early_termination
0000a128 T read_stopped_on_error
000087b0 t register_tm_clones
0000a20c T reset_dispatcher
00000000 a shift
         U sprintf@@GLIBC_2.4
0000a340 T start_descriptors
0000a1e4 T start_dispatcher
00012ab0 B stderr@@GLIBC_2.4
0000a318 T stop_descriptors
0000a1bc T stop_dispatcher
         U usleep@@GLIBC_2.4
00009e5c T write_extended_descriptor
00009e08 T write_standard_descriptor
