0000a37e t .divsi3_skip_div0_test
0000a378 T __aeabi_idiv
0000a628 W __aeabi_idiv0
0000a60c T __aeabi_idivmod
0000a628 W __aeabi_ldiv0
00012ad8 B __bss_end__
00012acc B __bss_start
00012acc B __bss_start__
00012ab8 D __data_start
0000a378 T __divsi3
000087dc t __do_global_dtors_aux
00012958 t __do_global_dtors_aux_fini_array_entry
00012abc D __dso_handle
00012ad8 B __end__
00012954 t __frame_dummy_init_array_entry
0000a950 r __FRAME_END__
         w __gmon_start__
00012958 t __init_array_end
00012954 t __init_array_start
0001295c d __JCR_END__
0001295c d __JCR_LIST__
0000a674 T __libc_csu_fini
0000a634 T __libc_csu_init
         U __libc_start_main@@GLIBC_2.4
00012acc D __TMC_END__
00012ad8 B _bss_end__
00012960 d _DYNAMIC
00012acc D _edata
00012ad8 B _end
0000a678 T _fini
00012a50 d _GLOBAL_OFFSET_TABLE_
0000860c T _init
0000a680 R _IO_stdin_used
         w _ITM_deregisterTMCloneTable
         w _ITM_registerTMCloneTable
         w _Jv_RegisterClasses
00008738 T _start
         U abort@@GLIBC_2.4
         U atoi@@GLIBC_2.4
00008768 t call_weak_fn
0000a1b0 T clear_irq
         U clock@@GLIBC_2.4
         U close@@GLIBC_2.4
00012ad4 b completed.8884
00009d48 T construct_extended_mm_to_mm_descriptor
00009db0 T construct_extended_mm_to_mm_descriptor_64
00009c80 T construct_extended_mm_to_st_descriptor
00009ce4 T construct_extended_mm_to_st_descriptor_64
00009bb8 T construct_extended_st_to_mm_descriptor
00009c1c T construct_extended_st_to_mm_descriptor_64
00009b80 T construct_standard_mm_to_mm_descriptor
00009b48 T construct_standard_mm_to_st_descriptor
00009b10 T construct_standard_st_to_mm_descriptor
00012ab8 W data_start
0000878c t deregister_tm_clones
0000a300 T disable_global_interrupt_mask
0000a2b0 T disable_stop_on_early_termination
0000a260 T disable_stop_on_error
0000a2d8 T enable_global_interrupt_mask
0000a288 T enable_stop_on_early_termination
0000a238 T enable_stop_on_error
         U exit@@GLIBC_2.4
         U fclose@@GLIBC_2.4
         U fopen@@GLIBC_2.4
000087f4 t frame_dummy
         U fread@@GLIBC_2.4
         U fseek@@GLIBC_2.4
         U ftell@@GLIBC_2.4
         U fwrite@@GLIBC_2.4
00012ac0 D g_preparser_strings
00008818 T main
         U mmap@@GLIBC_2.4
         U munmap@@GLIBC_2.4
         U open@@GLIBC_2.4
         U perror@@GLIBC_2.4
         U printf@@GLIBC_2.4
         U puts@@GLIBC_2.4
         U raise@@GLIBC_2.4
0000a020 T read_busy
00009f70 T read_csr_control
00009f8c T read_csr_read_descriptor_buffer_fill_level
00009fe4 T read_csr_read_sequence_number
00009fc8 T read_csr_response_buffer_fill_level
00009f58 T read_csr_status
00009fa8 T read_csr_write_descriptor_buffer_fill_level
0000a000 T read_csr_write_sequence_number
0000a048 T read_descriptor_buffer_empty
0000a070 T read_descriptor_buffer_full
0000a188 T read_irq
00009f04 T read_mm_response
0000a110 T read_resetting
0000a098 T read_response_buffer_empty
0000a0c0 T read_response_buffer_full
0000a0e8 T read_stopped
0000a160 T read_stopped_on_early_termination
0000a138 T read_stopped_on_error
000087b0 t register_tm_clones
0000a21c T reset_dispatcher
00000000 a shift
         U sprintf@@GLIBC_2.4
0000a350 T start_descriptors
0000a1f4 T start_dispatcher
00012ad0 B stderr@@GLIBC_2.4
0000a328 T stop_descriptors
0000a1cc T stop_dispatcher
         U usleep@@GLIBC_2.4
00009e6c T write_extended_descriptor
00009e18 T write_standard_descriptor
