0000a196 t .divsi3_skip_div0_test
0000a190 T __aeabi_idiv
0000a440 W __aeabi_idiv0
0000a424 T __aeabi_idivmod
0000a440 W __aeabi_ldiv0
000128c8 B __bss_end__
000128bc B __bss_start
000128bc B __bss_start__
000128a8 D __data_start
0000a190 T __divsi3
000087dc t __do_global_dtors_aux
00012748 t __do_global_dtors_aux_fini_array_entry
000128ac D __dso_handle
000128c8 B __end__
00012744 t __frame_dummy_init_array_entry
0000a740 r __FRAME_END__
         w __gmon_start__
00012748 t __init_array_end
00012744 t __init_array_start
0001274c d __JCR_END__
0001274c d __JCR_LIST__
0000a48c T __libc_csu_fini
0000a44c T __libc_csu_init
         U __libc_start_main@@GLIBC_2.4
000128bc D __TMC_END__
000128c8 B _bss_end__
00012750 d _DYNAMIC
000128bc D _edata
000128c8 B _end
0000a490 T _fini
00012840 d _GLOBAL_OFFSET_TABLE_
0000860c T _init
0000a498 R _IO_stdin_used
         w _ITM_deregisterTMCloneTable
         w _ITM_registerTMCloneTable
         w _Jv_RegisterClasses
00008738 T _start
         U abort@@GLIBC_2.4
         U atoi@@GLIBC_2.4
00008768 t call_weak_fn
00009fc8 T clear_irq
         U clock@@GLIBC_2.4
         U close@@GLIBC_2.4
000128c4 b completed.8884
00009b60 T construct_extended_mm_to_mm_descriptor
00009bc8 T construct_extended_mm_to_mm_descriptor_64
00009a98 T construct_extended_mm_to_st_descriptor
00009afc T construct_extended_mm_to_st_descriptor_64
000099d0 T construct_extended_st_to_mm_descriptor
00009a34 T construct_extended_st_to_mm_descriptor_64
00009998 T construct_standard_mm_to_mm_descriptor
00009960 T construct_standard_mm_to_st_descriptor
00009928 T construct_standard_st_to_mm_descriptor
000128a8 W data_start
0000878c t deregister_tm_clones
0000a118 T disable_global_interrupt_mask
0000a0c8 T disable_stop_on_early_termination
0000a078 T disable_stop_on_error
0000a0f0 T enable_global_interrupt_mask
0000a0a0 T enable_stop_on_early_termination
0000a050 T enable_stop_on_error
         U exit@@GLIBC_2.4
         U fclose@@GLIBC_2.4
         U fopen@@GLIBC_2.4
000087f4 t frame_dummy
         U fread@@GLIBC_2.4
         U fseek@@GLIBC_2.4
         U ftell@@GLIBC_2.4
         U fwrite@@GLIBC_2.4
000128b0 D g_preparser_strings
00008818 T main
         U mmap@@GLIBC_2.4
         U munmap@@GLIBC_2.4
         U open@@GLIBC_2.4
         U perror@@GLIBC_2.4
         U printf@@GLIBC_2.4
         U puts@@GLIBC_2.4
         U raise@@GLIBC_2.4
00009e38 T read_busy
00009d88 T read_csr_control
00009da4 T read_csr_read_descriptor_buffer_fill_level
00009dfc T read_csr_read_sequence_number
00009de0 T read_csr_response_buffer_fill_level
00009d70 T read_csr_status
00009dc0 T read_csr_write_descriptor_buffer_fill_level
00009e18 T read_csr_write_sequence_number
00009e60 T read_descriptor_buffer_empty
00009e88 T read_descriptor_buffer_full
00009fa0 T read_irq
00009d1c T read_mm_response
00009f28 T read_resetting
00009eb0 T read_response_buffer_empty
00009ed8 T read_response_buffer_full
00009f00 T read_stopped
00009f78 T read_stopped_on_early_termination
00009f50 T read_stopped_on_error
000087b0 t register_tm_clones
0000a034 T reset_dispatcher
00000000 a shift
         U sprintf@@GLIBC_2.4
0000a168 T start_descriptors
0000a00c T start_dispatcher
000128c0 B stderr@@GLIBC_2.4
0000a140 T stop_descriptors
00009fe4 T stop_dispatcher
         U usleep@@GLIBC_2.4
00009c84 T write_extended_descriptor
00009c30 T write_standard_descriptor
